[1/33] Bestorytales: ok
[2/33] thedramatalesx: ok
[3/33] AALUBIGTV: ok
[4/33] SabjiyoKiDuniya-x3m: ok
[5/33] FuntooBabaTV: ok
[6/33] TrioHistory111: ok
[7/33] MovidTV1: ok
[8/33] AALUFAMILYTV: ok
[9/33] LittleDramaWorld-h5t: ok
[10/33] Gaonstory-q1p: ok
[11/33] MehramSheikh-z8f: ok
[12/33] LOVERSINUSA: ok
[13/33] BingeboxAnimations: ok
[14/33] SabziCartoonStudio-d9c: ok
[15/33] AaluTamatarTales: ok
[16/33] Sasuraldramastory: ok
[17/33] HiddenPower-e9n: ok
[18/33] CheathanMust: ok
[19/33] VEGHINDISTORYTV: ok
[20/33] MASTICARTOON-BN: ok
[21/33] PuffyTalesTV-y9w: ok
[22/33] VeggieStory2.0: ok
[23/33] ToonyPitara-M: ok
[24/33] ShortTales-v8e: ok
[25/33] StoryFlareAI9: ok
[26/33] Radhakrishnadub: ok
[27/33] HappyEndingTales-t4s: ok
[28/33] neonloom_yt: ok
[29/33] Aiduniya377: ok
[30/33] impossibleasmr-q7b: ok
[31/33] PeachShineDrama: ok
[32/33] AiGhibheli: ok
[33/33] VisualEuphoria-t6c: ok
GATHER_DONE 33
