[about 1/260] %EB%8C%80%EB%A7%9D%EA%B3%A0_GiantMANGO: subs=None join=2025-11-26 small_new=False
[about 2/260] %EC%9E%90%EC%9D%B4%EC%96%B8%ED%8A%B8%EB%A7%9D%EA%B3%A0GiantMango: subs=67 join=2026-05-06 small_new=True
[about 3/260] 1CHEATINGSTORY: subs=1090 join=2025-09-19 small_new=False
[about 4/260] AALUBIGTV01: subs=115 join=2026-06-13 small_new=True
[about 5/260] AALUCOUPLETV: subs=1 join=2026-07-09 small_new=True
[about 6/260] AALUFUN-TV: subs=2 join=2026-07-09 small_new=True
[about 7/260] AALUMULIDRAMA: subs=None join=2026-06-29 small_new=False
[about 8/260] AALUTVSHOW1: subs=1 join=2026-06-16 small_new=True
[about 9/260] AAlugtv: subs=9 join=2026-06-11 small_new=True
[about 10/260] AISabziStory: subs=9 join=2026-06-30 small_new=True
[about 11/260] ASMRBED-p9i: subs=1 join=2026-01-22 small_new=False
[about 12/260] AaluDrama: subs=1 join=2026-04-28 small_new=True
[about 13/260] AaluHd: subs=2 join=2026-07-10 small_new=True
[about 14/260] AaluMuliDrama-c2d: subs=2 join=2026-03-15 small_new=False
[about 15/260] AaluStoryUniverse: subs=None join=2026-06-22 small_new=False
[about 16/260] AbundanceSasBahukeDRAME: subs=423000 join=2023-06-08 small_new=False
[about 17/260] Adultasmr-j9h: subs=11600 join=2025-05-13 small_new=False
[about 18/260] AfricanKarmastory: subs=9710 join=2025-06-17 small_new=False
[about 19/260] Afrok-Drama-Tales: subs=3380 join=2026-03-03 small_new=False
[about 20/260] AgbapsShorts: subs=9050000 join=2021-07-22 small_new=False
[about 21/260] AiSabziStory-q9h: subs=2 join=2026-06-18 small_new=True
[about 22/260] Aifunn-b4c: subs=4 join=2026-07-07 small_new=True
[about 23/260] AisanDramaTales: subs=1540 join=2026-05-20 small_new=True
[about 24/260] Aloo-KachalooDrama: subs=4 join=2026-06-15 small_new=True
[about 25/260] AlooDrama: subs=6 join=2026-06-22 small_new=True
[about 26/260] AmjadToonz: subs=1 join=2026-01-04 small_new=False
[about 27/260] AnimalKarmaTales: subs=6250 join=2025-11-18 small_new=False
[about 28/260] AnishsFamilyDramaTales: subs=1250 join=2026-04-22 small_new=True
[about 29/260] AsAnArtist: subs=1 join=2023-06-01 small_new=False
[about 30/260] BIGCHEFCOOKING: subs=1550000 join=2021-06-18 small_new=False
[about 31/260] BUPSSTORY: subs=42000 join=2025-12-14 small_new=False
[about 32/260] BedtimeASMR: subs=17900 join=2020-03-18 small_new=False
[about 33/260] BedtimeStoriesKya: subs=11400 join=2024-02-29 small_new=False
[about 34/260] BehindFamilyDoorsUS: subs=4 join=2025-07-02 small_new=False
[about 35/260] BetrayalStoryClub: subs=1540 join=2026-01-23 small_new=False
[about 36/260] BetrayalStoryHouse: subs=8 join=2026-07-03 small_new=True
[about 37/260] BigCookingVillage: subs=12 join=2025-06-26 small_new=False
[about 38/260] BillionaireBlueprintStories: subs=4 join=2025-05-16 small_new=False
[about 39/260] BillionaireLifeStories-l4f: subs=3 join=2025-10-22 small_new=False
[about 40/260] BillionaireSecretsStories-h9u: subs=30 join=2026-05-31 small_new=True
[about 41/260] BillionaireTales.0: subs=212 join=2025-12-26 small_new=False
[about 42/260] BloodyManAI2.0: subs=3 join=2026-07-10 small_new=True
[about 43/260] CalmDramaStories: subs=87800 join=2025-11-14 small_new=False
[about 44/260] Celebrationinvillage-i3x: subs=None join=None small_new=None
[about 45/260] Celestial_drama_tales: subs=28000 join=2024-06-19 small_new=False
[about 46/260] ChocolatMaiMai: subs=321000 join=2021-11-25 small_new=False
[about 47/260] CrazyCartoonWorld-z9m: subs=None join=2025-10-11 small_new=False
[about 48/260] Cutest1234: subs=3 join=2023-02-14 small_new=False
[about 49/260] DarkKarmaStories-n8t: subs=1500 join=2026-02-23 small_new=False
[about 50/260] Dawakarma8738: subs=2200 join=2014-10-11 small_new=False
[about 51/260] DeedinKarma-bm5ot: subs=144000 join=2023-11-29 small_new=False
[about 52/260] DeepDramaStories: subs=14100 join=2026-01-12 small_new=False
[about 53/260] DiddlyASMR: subs=672000 join=2018-07-04 small_new=False
[about 54/260] Drama-Tales7: subs=21500 join=2024-09-13 small_new=False
[about 55/260] DramaBoxAnimation: subs=6 join=2026-06-08 small_new=True
[about 56/260] DramaTales-j1w: subs=111000 join=2025-10-31 small_new=False
[about 57/260] DreamyASMR-x7e: subs=16300 join=2025-08-23 small_new=False
[about 58/260] Emors-u2r: subs=4750 join=2026-03-11 small_new=False
[about 59/260] FableFeast-o3z: subs=1 join=2026-07-09 small_new=True
[about 60/260] FamilyDramaTales: subs=4630 join=2024-10-21 small_new=False
[about 61/260] FamilyDramaUniverse: subs=3 join=2026-06-15 small_new=True
[about 62/260] FarawayVillage: subs=2020000 join=2021-12-27 small_new=False
[about 63/260] FraemoraStory: subs=90 join=2026-01-31 small_new=False
[about 64/260] Funtoy-j4s: subs=4 join=2024-12-09 small_new=False
[about 65/260] GaonvoraVlogs: subs=1 join=2026-07-09 small_new=True
[about 66/260] Giant-Food-Village: subs=1 join=2026-07-06 small_new=True
[about 67/260] GiantAiFruit: subs=None join=2026-07-10 small_new=False
[about 68/260] GiantFood-x3m: subs=12 join=2025-12-11 small_new=False
[about 69/260] GiantFoodKingdom: subs=None join=2026-07-07 small_new=False
[about 70/260] GiantFoodQila: subs=318 join=2026-07-04 small_new=True
[about 71/260] GiantFoodStories-r3i: subs=498 join=2026-06-27 small_new=True
[about 72/260] GiantFoodStories-t3i: subs=15 join=2026-07-08 small_new=True
[about 73/260] GiantFoodTales09: subs=1 join=2026-07-09 small_new=True
[about 74/260] GiantFoodVillage09: subs=None join=2026-06-21 small_new=False
[about 75/260] GiantFruit-q8l: subs=None join=2026-07-09 small_new=False
[about 76/260] GiantMangowow: subs=14 join=2026-06-15 small_new=True
[about 77/260] GiantVillageKitchen-008: subs=None join=2026-07-09 small_new=False
[about 78/260] GiantVillageKitchen-u9w: subs=1 join=2026-07-05 small_new=True
[about 79/260] GiantVillageKitchen-y7p: subs=177 join=2026-07-01 small_new=True
[about 80/260] GiantVillageTales-h8e: subs=None join=2026-07-05 small_new=False
[about 81/260] Giantfoodworld019: subs=1 join=2026-07-08 small_new=True
[about 82/260] GoldenVillageFeast: subs=None join=2026-07-09 small_new=False
[about 83/260] GrandpaKitchen: subs=9430000 join=2017-08-26 small_new=False
[about 84/260] GrapeDramaTales: subs=2029 join=2026-02-08 small_new=False
[about 85/260] GuidelinesOfStory: subs=10200 join=2026-01-04 small_new=False
[about 86/260] HCCartoon-y9x: subs=3 join=2025-02-22 small_new=False
[about 87/260] HerDramaTales: subs=9280 join=2024-01-24 small_new=False
[about 88/260] JainitTalwadia: subs=2 join=2026-04-30 small_new=True
[about 89/260] JocieBASMR: subs=3020000 join=2018-06-02 small_new=False
[about 90/260] KELAORMANGO: subs=25 join=2026-06-19 small_new=True
[about 91/260] Kahani-y8r: subs=None join=2025-12-20 small_new=False
[about 92/260] Karma-Stories-Hub: subs=10 join=2026-03-24 small_new=False
[about 93/260] KarmaCopStories: subs=3310 join=2026-01-07 small_new=False
[about 94/260] KarmaCrow: subs=42800 join=2020-11-20 small_new=False
[about 95/260] KarmaJusticeStory: subs=77 join=2026-04-13 small_new=True
[about 96/260] KarmaRealmStories-g6x: subs=1430 join=2026-03-10 small_new=False
[about 97/260] KarmaRealmStories-g9j: subs=2390 join=2026-03-10 small_new=False
[about 98/260] KarmaRevengeStory: subs=9 join=2026-07-01 small_new=True
[about 99/260] KarmaStoriesPodcast: subs=138000 join=2017-03-15 small_new=False
[about 100/260] KarmaStory-n8n: subs=None join=2026-04-15 small_new=False
[about 101/260] KarmaStoryHouse: subs=1030 join=2026-05-15 small_new=True
[about 102/260] Kids_cartoon_video65: subs=2 join=2026-02-27 small_new=False
[about 103/260] LatteASMR: subs=2150000 join=2016-01-04 small_new=False
[about 104/260] LessonsInDisguise-T: subs=4 join=2026-04-24 small_new=True
[about 105/260] LetterstoMyDaughter-in-Law: subs=11 join=2016-09-03 small_new=False
[about 106/260] LittleVillageChefs: subs=51 join=2023-03-30 small_new=False
[about 107/260] LoveStories-mina: subs=8 join=2026-06-10 small_new=True
[about 108/260] MH3TruthStory: subs=None join=2026-05-26 small_new=False
[about 109/260] Mango-g1z: subs=7 join=2026-04-22 small_new=True
[about 110/260] Mango-w1q1x: subs=None join=2026-06-15 small_new=False
[about 111/260] Millionaire-BillionaireStories: subs=None join=2026-05-12 small_new=False
[about 112/260] Millionaire-LoveStories: subs=2 join=2026-04-25 small_new=True
[about 113/260] MissLuningningsKarmaStories: subs=25600 join=2025-06-27 small_new=False
[about 114/260] MissMangoButt: subs=2080000 join=2017-09-06 small_new=False
[about 115/260] MoonlightCottageASMR: subs=1610000 join=2019-10-01 small_new=False
[about 116/260] MubasharHussain-q5m: subs=5 join=2026-07-05 small_new=True
[about 117/260] Naturivoxa: subs=2 join=2016-11-07 small_new=False
[about 118/260] OPsDramaTales: subs=1380 join=2026-04-07 small_new=True
[about 119/260] PelageaASMR: subs=974000 join=2015-08-22 small_new=False
[about 120/260] PopularMoralStories-lt8es: subs=33 join=2024-02-25 small_new=False
[about 121/260] Popular_Cooking: subs=40700 join=2016-05-27 small_new=False
[about 122/260] RajaHammad-hf3jr: subs=None join=2024-06-02 small_new=False
[about 123/260] RedditKarmaStories-c9m: subs=50 join=2011-06-25 small_new=False
[about 124/260] Relatableonastory: subs=61 join=2025-11-26 small_new=False
[about 125/260] Revenge.Short.24: subs=None join=2023-04-22 small_new=False
[about 126/260] Revenge0Shorts: subs=None join=2023-06-24 small_new=False
[about 127/260] RevengeSeBhapur: subs=None join=2023-11-12 small_new=False
[about 128/260] RevengeShorts-20m: subs=None join=2026-01-26 small_new=False
[about 129/260] RevengeShorts-s4w: subs=None join=2026-06-06 small_new=False
[about 130/260] RevengeShorts-s6p: subs=None join=2025-06-15 small_new=False
[about 131/260] RevengeStoriesInstantKarma: subs=39 join=2025-09-26 small_new=False
[about 132/260] RevengeStoryExposed: subs=151 join=2025-12-09 small_new=False
[about 133/260] Revengeshorts-j4h: subs=5 join=2025-01-21 small_new=False
[about 134/260] Revengeshortsy: subs=None join=2024-08-16 small_new=False
[about 135/260] Royal_Cooking_: subs=3660000 join=2022-07-11 small_new=False
[about 136/260] SABZIMANDISTORIES-e3x: subs=12 join=2026-06-04 small_new=True
[about 137/260] SabjiCartoonStory-p6b: subs=12 join=2026-06-28 small_new=True
[about 138/260] SabziStory: subs=3 join=2026-05-13 small_new=True
[about 139/260] SabziStoryAi: subs=9 join=2026-06-21 small_new=True
[about 140/260] SabziStoryHubOfficial: subs=None join=2026-07-09 small_new=False
[about 141/260] SabziStoryLand: subs=1 join=2026-07-10 small_new=True
[about 142/260] SabziStoryOfficial: subs=1150 join=2024-06-02 small_new=False
[about 143/260] SabziStoryWorld-786: subs=5 join=2026-06-23 small_new=True
[about 144/260] Sabzistorytv-00: subs=1 join=2026-07-08 small_new=True
[about 145/260] Sabzistoryworld-n2h: subs=11 join=2026-07-10 small_new=True
[about 146/260] SabziwoodStories: subs=6 join=2026-06-15 small_new=True
[about 147/260] SavoryStories00: subs=None join=2026-03-12 small_new=False
[about 148/260] SecretBillionaireStories-y: subs=None join=2026-01-02 small_new=False
[about 149/260] Shorts.Revenge: subs=1260 join=2011-04-16 small_new=False
[about 150/260] SoftDramaTales_1: subs=2950 join=2026-04-10 small_new=True
[about 151/260] SoftMorningStory: subs=3790 join=2026-04-03 small_new=True
[about 152/260] SpeakStory-k8o: subs=324 join=2025-09-02 small_new=False
[about 153/260] Stohriesbylily: subs=64 join=2016-09-12 small_new=False
[about 154/260] StoryBitessnap: subs=90 join=2026-04-28 small_new=True
[about 155/260] StoryKarmaOfficial: subs=16 join=2026-05-22 small_new=True
[about 156/260] StorySabzi: subs=10 join=2026-05-23 small_new=True
[about 157/260] TemitopeMuiz: subs=12 join=2024-10-11 small_new=False
[about 158/260] TheGiantVillageKitchen: subs=4 join=2026-06-27 small_new=True
[about 159/260] TheSecretBillionaire-e1z: subs=2 join=2026-07-08 small_new=True
[about 160/260] TinyVillageStories1: subs=None join=2026-07-03 small_new=False
[about 161/260] TrueBillionaire916: subs=6 join=2026-02-13 small_new=False
[about 162/260] TysonASMR: subs=143000 join=2018-01-15 small_new=False
[about 163/260] UndercoverMissions-c3w: subs=8 join=2025-05-05 small_new=False
[about 164/260] UnexpectedKarmaStories: subs=3720 join=2026-03-08 small_new=False
[about 165/260] Unlimited.Stories: subs=473000 join=2023-05-03 small_new=False
[about 166/260] VEGETABLEHINDISTORYTV: subs=3 join=2026-06-02 small_new=True
[about 167/260] VEGGISTANDRAMA: subs=14 join=2026-06-16 small_new=True
[about 168/260] VEGHINDISTORYTV: subs=6100 join=2026-05-25 small_new=True
[about 169/260] VegVillageFood: subs=6650000 join=2014-08-16 small_new=False
[about 170/260] VegetableAi-stories: subs=None join=2026-06-19 small_new=False
[about 171/260] VegetableStories-o7m: subs=3 join=2026-06-29 small_new=True
[about 172/260] VegetableStoriesHindi: subs=2 join=2026-07-08 small_new=True
[about 173/260] VegetableStory-278: subs=None join=2026-06-24 small_new=False
[about 174/260] VegetableStoryHindi: subs=11 join=2026-07-04 small_new=True
[about 175/260] VegetableStoryHindiYT: subs=3 join=2026-06-15 small_new=True
[about 176/260] VegetableStoryTV-g5i: subs=None join=2026-06-10 small_new=False
[about 177/260] VegetableStoryTV-q5b: subs=111 join=2026-06-15 small_new=True
[about 178/260] Vegetable_Story_TV: subs=1 join=2026-05-30 small_new=True
[about 179/260] VegetablesStoryAi: subs=95 join=2025-02-16 small_new=False
[about 180/260] VegetablesStoryTimeline: subs=11 join=2026-06-25 small_new=True
[about 181/260] VeggieStoryHindi-l6k: subs=17 join=2026-06-11 small_new=True
[about 182/260] Vengedaily: subs=9 join=2024-10-14 small_new=False
[about 183/260] VillageCookingChannel: subs=30700000 join=2018-04-25 small_new=False
[about 184/260] VillageGiantFood: subs=4330 join=2025-08-27 small_new=False
[about 185/260] VillageGiantFoods: subs=2 join=2026-07-01 small_new=True
[about 186/260] VillageGiantTaless: subs=None join=2026-07-10 small_new=False
[about 187/260] VillageGrandpaChannel: subs=1140000 join=2019-04-02 small_new=False
[about 188/260] Villagefoodfactoryofficial7: subs=4730000 join=2015-05-21 small_new=False
[about 189/260] WILDERNESSCOOKING: subs=7110000 join=2020-01-15 small_new=False
[about 190/260] WaitressvsBillionaireStories: subs=26 join=2026-03-25 small_new=False
[about 191/260] WorldMangoBook: subs=9560 join=2012-06-09 small_new=False
[about 192/260] abundancesasbahukahaniyan: subs=768000 join=2022-12-23 small_new=False
[about 193/260] aloodramatv-p3j: subs=3170 join=2025-12-26 small_new=False
[about 194/260] aloogajartv: subs=16 join=2026-04-08 small_new=True
[about 195/260] alookadrama: subs=4 join=2026-06-03 small_new=True
[about 196/260] alootxt: subs=170 join=2024-11-22 small_new=False
[about 197/260] animeshkumar5063: subs=3010 join=2020-05-17 small_new=False
[about 198/260] asmr-bed: subs=271 join=2025-05-20 small_new=False
[about 199/260] asmrberlinn: subs=824000 join=2016-05-30 small_new=False
[about 200/260] bedofrosesasmr: subs=25100 join=2012-08-28 small_new=False
[about 201/260] beebeeasmr: subs=665000 join=2020-12-28 small_new=False
[about 202/260] bellalovesasmr: subs=174000 join=2025-06-13 small_new=False
[about 203/260] billionaireceostories: subs=208 join=2010-07-03 small_new=False
[about 204/260] bltalesanddrama: subs=1430 join=2025-09-03 small_new=False
[about 205/260] carshortshh: subs=6 join=2022-12-24 small_new=False
[about 206/260] cartooncart360: subs=6 join=2025-08-22 small_new=False
[about 207/260] creeky_reddit_story: subs=2970 join=2025-01-11 small_new=False
[about 208/260] deempirestory: subs=51 join=2020-05-06 small_new=False
[about 209/260] demetriuswest2949: subs=1 join=2018-11-20 small_new=False
[about 210/260] dramaboxapp: subs=14700000 join=2023-03-16 small_new=False
[about 211/260] dramatale08: subs=1970 join=2024-12-19 small_new=False
[about 212/260] dramatales9: subs=4560 join=2021-10-02 small_new=False
[about 213/260] dumka_jila: subs=2190 join=2024-11-08 small_new=False
[about 214/260] familydramastories-usa: subs=3190 join=2026-04-11 small_new=True
[about 215/260] foodmyvillage: subs=1840000 join=2017-12-17 small_new=False
[about 216/260] funtimecartoons-786: subs=4 join=2026-06-27 small_new=True
[about 217/260] giantmango2059: subs=4 join=2020-08-11 small_new=False
[about 218/260] giantmango353: subs=2 join=2021-01-31 small_new=False
[about 219/260] giantmango8957: subs=1 join=2011-12-24 small_new=False
[about 220/260] giantmango9231: subs=242 join=2017-06-03 small_new=False
[about 221/260] hindistories2998: subs=14 join=2022-03-23 small_new=False
[about 222/260] kahaniyokikitab-s4i: subs=None join=2026-01-14 small_new=False
[about 223/260] karmahealingstories: subs=6 join=2026-05-09 small_new=True
[about 224/260] magicmango8833: subs=9 join=2026-06-28 small_new=True
[about 225/260] mamtahinhistory: subs=None join=2026-07-01 small_new=False
[about 226/260] misshumiliated9867: subs=2280 join=2021-06-12 small_new=False
[about 227/260] mo.mmyASMR: subs=323000 join=2023-09-09 small_new=False
[about 228/260] moral-s1: subs=5590 join=2024-12-02 small_new=False
[about 229/260] mr_mango_juice1: subs=6200 join=2024-09-01 small_new=False
[about 230/260] mydaughter-in-lawstories: subs=14 join=2017-05-05 small_new=False
[about 231/260] onegiantmango5355: subs=271 join=2020-11-19 small_new=False
[about 232/260] redditdramatale: subs=68500 join=2019-08-02 small_new=False
[about 233/260] redditkarmazone: subs=6980 join=2024-05-04 small_new=False
[about 234/260] revencestory: subs=77 join=2026-01-09 small_new=False
[about 235/260] revenge16153: subs=None join=2023-02-12 small_new=False
[about 236/260] revengeshorts2708: subs=12 join=2022-04-09 small_new=False
[about 237/260] revengeshorts2817: subs=2 join=2021-04-19 small_new=False
[about 238/260] revengeshorts3367: subs=2 join=2021-03-02 small_new=False
[about 239/260] revengeshorts4620: subs=2 join=2017-02-08 small_new=False
[about 240/260] revengeshorts486: subs=6 join=2021-04-24 small_new=False
[about 241/260] romykey989: subs=1940 join=2017-05-28 small_new=False
[about 242/260] sabzi.stories.official: subs=1 join=2026-04-29 small_new=True
[about 243/260] sabzi_ki_dunya: subs=None join=2026-05-11 small_new=False
[about 244/260] sabzimandistories-s: subs=18 join=2026-06-22 small_new=True
[about 245/260] sabzisquadstories: subs=1 join=2026-07-04 small_new=True
[about 246/260] sabzistory-g4i: subs=None join=2026-07-06 small_new=False
[about 247/260] sabzistoryhousehind: subs=26 join=2026-07-10 small_new=True
[about 248/260] safatariq1: subs=55 join=2026-06-14 small_new=True
[about 249/260] servingsecretstory: subs=2 join=2025-10-21 small_new=False
[about 250/260] thedramatalesx: subs=46700 join=2026-04-13 small_new=True
[about 251/260] touchbyjin: subs=19400 join=2023-10-30 small_new=False
[about 252/260] unclemangofficial: subs=None join=2026-06-29 small_new=False
[about 253/260] vanzaicookingeng: subs=479000 join=2022-06-29 small_new=False
[about 254/260] vegetablestory8: subs=1010 join=2020-05-10 small_new=False
[about 255/260] vegetablestoryinhindi: subs=2 join=2025-06-07 small_new=False
[about 256/260] vegetablestoryofficial: subs=15 join=2026-06-17 small_new=True
[about 257/260] villagegiantcooking12: subs=212 join=2023-10-25 small_new=False
[about 258/260] villagestories-hd6: subs=None join=2026-07-09 small_new=False
[about 259/260] villagetales-v5g: subs=1 join=2026-07-09 small_new=True
[about 260/260] whisperingwillow_ASMR: subs=1510000 join=2020-10-17 small_new=False
SMALL_NEW_COUNT 84
[max 1/84] %EC%9E%90%EC%9D%B4%EC%96%B8%ED%8A%B8%EB%A7%9D%EA%B3%A0GiantMango: max=3,700 hit=False 
[max 2/84] AALUBIGTV01: max=1,900 hit=False 
[max 3/84] AALUCOUPLETV: max=9 hit=False 
[max 4/84] AALUFUN-TV: max=8 hit=False 
[max 5/84] AALUTVSHOW1: max=9 hit=False 
[max 6/84] AAlugtv: max=115 hit=False 
[max 7/84] AISabziStory: max=0 hit=False 
[max 8/84] AaluDrama: max=18 hit=False 
[max 9/84] AaluHd: max=1,027 hit=False 
[max 10/84] AiSabziStory-q9h: max=426 hit=False 
[max 11/84] Aifunn-b4c: max=61 hit=False 
[max 12/84] AisanDramaTales: max=61,000 hit=False 
[max 13/84] Aloo-KachalooDrama: max=1,515 hit=False 
[max 14/84] AlooDrama: max=24 hit=False 
[max 15/84] AnishsFamilyDramaTales: max=2,700 hit=False 
[max 16/84] BetrayalStoryHouse: max=45 hit=False 
[max 17/84] BillionaireSecretsStories-h9u: max=129 hit=False 
[max 18/84] BloodyManAI2.0: max=1,275 hit=False 
[max 19/84] DramaBoxAnimation: max=1,529 hit=False 
[max 20/84] FableFeast-o3z: max=4 hit=False 
[max 21/84] FamilyDramaUniverse: max=14 hit=False 
[max 22/84] GaonvoraVlogs: max=254 hit=False 
[max 23/84] Giant-Food-Village: max=3 hit=False 
[max 24/84] GiantFoodQila: max=157,327 hit=False 
[max 25/84] GiantFoodStories-r3i: max=116,283 hit=False 
[max 26/84] GiantFoodStories-t3i: max=1,105 hit=False 
[max 27/84] GiantFoodTales09: max=130 hit=False 
[max 28/84] GiantMangowow: max=2,762 hit=False 
[max 29/84] GiantVillageKitchen-u9w: max=9 hit=False 
[max 30/84] GiantVillageKitchen-y7p: max=76,604 hit=False 
[max 31/84] Giantfoodworld019: max=10 hit=False 
[max 32/84] JainitTalwadia: max=17 hit=False 
[max 33/84] KELAORMANGO: max=32,276 hit=False 
[max 34/84] KarmaJusticeStory: max=1,800 hit=False 
[max 35/84] KarmaRevengeStory: max=59 hit=False 
[max 36/84] KarmaStoryHouse: max=132 hit=False 
[max 37/84] LessonsInDisguise-T: max=57 hit=False 
[max 38/84] LoveStories-mina: max=172 hit=False 
[max 39/84] Mango-g1z: max=32 hit=False 
[max 40/84] Millionaire-LoveStories: max=16 hit=False 
[max 41/84] MubasharHussain-q5m: max=328 hit=False 
[max 42/84] OPsDramaTales: max=0 hit=False 
[max 43/84] SABZIMANDISTORIES-e3x: max=389 hit=False 
[max 44/84] SabjiCartoonStory-p6b: max=262 hit=False 
[max 45/84] SabziStory: max=1,150 hit=False 
[max 46/84] SabziStoryAi: max=1,143 hit=False 
[max 47/84] SabziStoryLand: max=6 hit=False 
[max 48/84] SabziStoryWorld-786: max=12 hit=False 
[max 49/84] Sabzistorytv-00: max=16 hit=False 
[max 50/84] Sabzistoryworld-n2h: max=96 hit=False 
[max 51/84] SabziwoodStories: max=2 hit=False 
[max 52/84] SoftDramaTales_1: max=7,787 hit=False 
[max 53/84] SoftMorningStory: max=32,000 hit=False 
[max 54/84] StoryBitessnap: max=1,500 hit=False 
[max 55/84] StoryKarmaOfficial: max=1,091 hit=False 
[max 56/84] StorySabzi: max=188 hit=False 
[max 57/84] TheGiantVillageKitchen: max=1,318 hit=False 
[max 58/84] TheSecretBillionaire-e1z: max=21 hit=False 
[max 59/84] VEGETABLEHINDISTORYTV: max=44 hit=False 
[max 60/84] VEGGISTANDRAMA: max=57 hit=False 
[max 61/84] VEGHINDISTORYTV: max=1,055,280 hit=True 
[max 62/84] VegetableStories-o7m: max=0 hit=False 
[max 63/84] VegetableStoriesHindi: max=6 hit=False 
[max 64/84] VegetableStoryHindi: max=530 hit=False 
[max 65/84] VegetableStoryHindiYT: max=1,367 hit=False 
[max 66/84] VegetableStoryTV-q5b: max=66,128 hit=False 
[max 67/84] Vegetable_Story_TV: max=7 hit=False 
[max 68/84] VegetablesStoryTimeline: max=43 hit=False 
[max 69/84] VeggieStoryHindi-l6k: max=1,378 hit=False 
[max 70/84] VillageGiantFoods: max=904 hit=False 
[max 71/84] aloogajartv: max=51 hit=False 
[max 72/84] alookadrama: max=55 hit=False 
[max 73/84] familydramastories-usa: max=364 hit=False 
[max 74/84] funtimecartoons-786: max=18 hit=False 
[max 75/84] karmahealingstories: max=64 hit=False 
[max 76/84] magicmango8833: max=96 hit=False 
[max 77/84] sabzi.stories.official: max=26 hit=False 
[max 78/84] sabzimandistories-s: max=1,766 hit=False 
[max 79/84] sabzisquadstories: max=2 hit=False 
[max 80/84] sabzistoryhousehind: max=92 hit=False 
[max 81/84] safatariq1: max=175 hit=False 
[max 82/84] thedramatalesx: max=11,000,000 hit=True 
[max 83/84] vegetablestoryofficial: max=3,467 hit=False 
[max 84/84] villagetales-v5g: max=11 hit=False 
GATHER_D_DONE
